    1  05:27:12.808464432 IP  [version 6 != 4] (invalid)
