    1  14:57:25.640485 IP  [length 19 < 20] (invalid)
