    1  08:57:44.621711 IP  [header length 16 < 20] (invalid)
