    1  09:18:26.706088 IP6  [length 39 < 40] (invalid)
