    1  10:23:33.663606 IP  [version 6 != 4] (invalid)
